[2m2025-04-14 13:36:29.752[0;39m [[32m INFO[0;39m] [35m88366[0;39m [2m[           main ][0;39m [32mnet.mingsoft.MSApplication[0;39m:55 [2m:[0;39m Starting MSApplication using Java 17.0.8 on KacBook-Pro.local with PID 88366 (/Users/unk/ssd/IdeaProjects/github/MCMS/target/classes started by unk in /Users/unk/ssd/IdeaProjects/github/MCMS)
[2m2025-04-14 13:36:29.756[0;39m [[32m INFO[0;39m] [35m88366[0;39m [2m[           main ][0;39m [32mnet.mingsoft.MSApplication[0;39m:638 [2m:[0;39m The following 1 profile is active: "dev"
[2m2025-04-14 13:36:31.031[0;39m [[32m INFO[0;39m] [35m88366[0;39m [2m[           main ][0;39m [32mcom.alibaba.druid.spring.boot.autoconfigure.DruidDataSourceAutoConfigure[0;39m:66 [2m:[0;39m Init DruidDataSource
[2m2025-04-14 13:36:31.325[0;39m [[32m INFO[0;39m] [35m88366[0;39m [2m[           main ][0;39m [32mcom.alibaba.druid.pool.DruidDataSource[0;39m:1007 [2m:[0;39m {dataSource-1} inited
[2m2025-04-14 13:36:31.578[0;39m [[33m WARN[0;39m] [35m88366[0;39m [2m[           main ][0;39m [33mcom.baomidou.mybatisplus.core.injector.AbstractMethod[0;39m:405 [2m:[0;39m [net.mingsoft.basic.dao.IManagerDao.delete] Has been loaded by XML or SqlProvider or Mybatis's Annotation, so ignoring this injection for [class com.baomidou.mybatisplus.core.injector.methods.Delete]
[2m2025-04-14 13:36:31.802[0;39m [[33m WARN[0;39m] [35m88366[0;39m [2m[           main ][0;39m [33mcom.baomidou.mybatisplus.core.injector.AbstractMethod[0;39m:405 [2m:[0;39m [net.mingsoft.basic.dao.IModelDao.delete] Has been loaded by XML or SqlProvider or Mybatis's Annotation, so ignoring this injection for [class com.baomidou.mybatisplus.core.injector.methods.Delete]
[2m2025-04-14 13:36:31.834[0;39m [[33m WARN[0;39m] [35m88366[0;39m [2m[           main ][0;39m [33mcom.baomidou.mybatisplus.core.metadata.TableInfoHelper[0;39m:347 [2m:[0;39m Can not find table primary key in Class: "net.mingsoft.basic.entity.RoleModelEntity".
[2m2025-04-14 13:36:31.834[0;39m [[33m WARN[0;39m] [35m88366[0;39m [2m[           main ][0;39m [33mcom.baomidou.mybatisplus.core.injector.DefaultSqlInjector[0;39m:56 [2m:[0;39m class net.mingsoft.basic.entity.RoleModelEntity ,Not found @TableId annotation, Cannot use Mybatis-Plus 'xxById' Method.
[2m2025-04-14 13:36:32.482[0;39m [[32m INFO[0;39m] [35m88366[0;39m [2m[           main ][0;39m [32morg.apache.coyote.http11.Http11NioProtocol[0;39m:173 [2m:[0;39m Initializing ProtocolHandler ["http-nio-8080"]
[2m2025-04-14 13:36:32.485[0;39m [[32m INFO[0;39m] [35m88366[0;39m [2m[           main ][0;39m [32morg.apache.catalina.core.StandardService[0;39m:173 [2m:[0;39m Starting service [Tomcat]
[2m2025-04-14 13:36:32.485[0;39m [[32m INFO[0;39m] [35m88366[0;39m [2m[           main ][0;39m [32morg.apache.catalina.core.StandardEngine[0;39m:173 [2m:[0;39m Starting Servlet engine: [Apache Tomcat/9.0.83]
[2m2025-04-14 13:36:32.544[0;39m [[32m INFO[0;39m] [35m88366[0;39m [2m[           main ][0;39m [32morg.apache.catalina.core.ContainerBase.[Tomcat].[localhost].[/][0;39m:173 [2m:[0;39m Initializing Spring embedded WebApplicationContext
[2m2025-04-14 13:36:32.916[0;39m [[33m WARN[0;39m] [35m88366[0;39m [2m[           main ][0;39m [33mcom.baomidou.mybatisplus.core.injector.AbstractMethod[0;39m:405 [2m:[0;39m [net.mingsoft.cms.dao.ICategoryDao.delete] Has been loaded by XML or SqlProvider or Mybatis's Annotation, so ignoring this injection for [class com.baomidou.mybatisplus.core.injector.methods.Delete]
[2m2025-04-14 13:36:32.948[0;39m [[33m WARN[0;39m] [35m88366[0;39m [2m[           main ][0;39m [33mcom.baomidou.mybatisplus.core.injector.AbstractMethod[0;39m:405 [2m:[0;39m [net.mingsoft.cms.dao.IContentDao.delete] Has been loaded by XML or SqlProvider or Mybatis's Annotation, so ignoring this injection for [class com.baomidou.mybatisplus.core.injector.methods.Delete]
[2m2025-04-14 13:36:33.198[0;39m [[33m WARN[0;39m] [35m88366[0;39m [2m[           main ][0;39m [33mcom.baomidou.mybatisplus.core.injector.AbstractMethod[0;39m:405 [2m:[0;39m [net.mingsoft.mdiy.dao.IModelDao.delete] Has been loaded by XML or SqlProvider or Mybatis's Annotation, so ignoring this injection for [class com.baomidou.mybatisplus.core.injector.methods.Delete]
[2m2025-04-14 13:36:33.447[0;39m [[33m WARN[0;39m] [35m88366[0;39m [2m[           main ][0;39m [33mcom.baomidou.mybatisplus.core.injector.AbstractMethod[0;39m:405 [2m:[0;39m [net.mingsoft.mdiy.dao.ITagDao.delete] Has been loaded by XML or SqlProvider or Mybatis's Annotation, so ignoring this injection for [class com.baomidou.mybatisplus.core.injector.methods.Delete]
[2m2025-04-14 13:36:34.029[0;39m [[33m WARN[0;39m] [35m88366[0;39m [2m[           main ][0;39m [33mcom.baomidou.mybatisplus.core.injector.AbstractMethod[0;39m:405 [2m:[0;39m [net.mingsoft.cms.dao.ICmsHistoryLogDao.delete] Has been loaded by XML or SqlProvider or Mybatis's Annotation, so ignoring this injection for [class com.baomidou.mybatisplus.core.injector.methods.Delete]
[2m2025-04-14 13:36:34.660[0;39m [[33m WARN[0;39m] [35m88366[0;39m [2m[           main ][0;39m [33mcom.baomidou.mybatisplus.core.injector.AbstractMethod[0;39m:405 [2m:[0;39m [net.mingsoft.basic.dao.ILogDao.delete] Has been loaded by XML or SqlProvider or Mybatis's Annotation, so ignoring this injection for [class com.baomidou.mybatisplus.core.injector.methods.Delete]
[2m2025-04-14 13:36:34.964[0;39m [[33m WARN[0;39m] [35m88366[0;39m [2m[           main ][0;39m [33mcom.baomidou.mybatisplus.core.injector.AbstractMethod[0;39m:405 [2m:[0;39m [net.mingsoft.basic.dao.IRoleDao.delete] Has been loaded by XML or SqlProvider or Mybatis's Annotation, so ignoring this injection for [class com.baomidou.mybatisplus.core.injector.methods.Delete]
[2m2025-04-14 13:36:35.233[0;39m [[33m WARN[0;39m] [35m88366[0;39m [2m[           main ][0;39m [33mcom.baomidou.mybatisplus.core.injector.AbstractMethod[0;39m:405 [2m:[0;39m [net.mingsoft.basic.dao.ICityDao.delete] Has been loaded by XML or SqlProvider or Mybatis's Annotation, so ignoring this injection for [class com.baomidou.mybatisplus.core.injector.methods.Delete]
[2m2025-04-14 13:36:36.112[0;39m [[33m WARN[0;39m] [35m88366[0;39m [2m[           main ][0;39m [33mcom.baomidou.mybatisplus.core.injector.AbstractMethod[0;39m:405 [2m:[0;39m [net.mingsoft.mdiy.dao.IDictDao.delete] Has been loaded by XML or SqlProvider or Mybatis's Annotation, so ignoring this injection for [class com.baomidou.mybatisplus.core.injector.methods.Delete]
[2m2025-04-14 13:36:36.379[0;39m [[33m WARN[0;39m] [35m88366[0;39m [2m[           main ][0;39m [33mcom.baomidou.mybatisplus.core.injector.AbstractMethod[0;39m:405 [2m:[0;39m [net.mingsoft.mdiy.dao.IPageDao.delete] Has been loaded by XML or SqlProvider or Mybatis's Annotation, so ignoring this injection for [class com.baomidou.mybatisplus.core.injector.methods.Delete]
[2m2025-04-14 13:36:38.368[0;39m [[32m INFO[0;39m] [35m88366[0;39m [2m[           main ][0;39m [32morg.quartz.impl.StdSchedulerFactory[0;39m:1220 [2m:[0;39m Using default implementation for ThreadExecutor
[2m2025-04-14 13:36:38.376[0;39m [[32m INFO[0;39m] [35m88366[0;39m [2m[           main ][0;39m [32morg.quartz.core.SchedulerSignalerImpl[0;39m:61 [2m:[0;39m Initialized Scheduler Signaller of type: class org.quartz.core.SchedulerSignalerImpl
[2m2025-04-14 13:36:38.376[0;39m [[32m INFO[0;39m] [35m88366[0;39m [2m[           main ][0;39m [32morg.quartz.core.QuartzScheduler[0;39m:229 [2m:[0;39m Quartz Scheduler v.2.3.2 created.
[2m2025-04-14 13:36:38.376[0;39m [[32m INFO[0;39m] [35m88366[0;39m [2m[           main ][0;39m [32morg.quartz.simpl.RAMJobStore[0;39m:155 [2m:[0;39m RAMJobStore initialized.
[2m2025-04-14 13:36:38.377[0;39m [[32m INFO[0;39m] [35m88366[0;39m [2m[           main ][0;39m [32morg.quartz.core.QuartzScheduler[0;39m:294 [2m:[0;39m Scheduler meta-data: Quartz Scheduler (v2.3.2) 'quartzScheduler' with instanceId 'NON_CLUSTERED'
  Scheduler class: 'org.quartz.core.QuartzScheduler' - running locally.
  NOT STARTED.
  Currently in standby mode.
  Number of jobs executed: 0
  Using thread pool 'org.quartz.simpl.SimpleThreadPool' - with 10 threads.
  Using job-store 'org.quartz.simpl.RAMJobStore' - which does not support persistence. and is not clustered.

[2m2025-04-14 13:36:38.377[0;39m [[32m INFO[0;39m] [35m88366[0;39m [2m[           main ][0;39m [32morg.quartz.impl.StdSchedulerFactory[0;39m:1374 [2m:[0;39m Quartz scheduler 'quartzScheduler' initialized from an externally provided properties instance.
[2m2025-04-14 13:36:38.377[0;39m [[32m INFO[0;39m] [35m88366[0;39m [2m[           main ][0;39m [32morg.quartz.impl.StdSchedulerFactory[0;39m:1378 [2m:[0;39m Quartz scheduler version: 2.3.2
[2m2025-04-14 13:36:38.377[0;39m [[32m INFO[0;39m] [35m88366[0;39m [2m[           main ][0;39m [32morg.quartz.core.QuartzScheduler[0;39m:2293 [2m:[0;39m JobFactory set to: org.springframework.scheduling.quartz.SpringBeanJobFactory@b91e024
[2m2025-04-14 13:36:38.521[0;39m [[32m INFO[0;39m] [35m88366[0;39m [2m[           main ][0;39m [32morg.apache.coyote.http11.Http11NioProtocol[0;39m:173 [2m:[0;39m Starting ProtocolHandler ["http-nio-8080"]
[2m2025-04-14 13:36:38.534[0;39m [[32m INFO[0;39m] [35m88366[0;39m [2m[           main ][0;39m [32morg.quartz.core.QuartzScheduler[0;39m:547 [2m:[0;39m Scheduler quartzScheduler_$_NON_CLUSTERED started.
[2m2025-04-14 13:36:38.541[0;39m [[32m INFO[0;39m] [35m88366[0;39m [2m[           main ][0;39m [32mnet.mingsoft.MSApplication[0;39m:61 [2m:[0;39m Started MSApplication in 9.091 seconds (JVM running for 13.498)
[2m2025-04-14 13:36:44.208[0;39m [[32m INFO[0;39m] [35m88366[0;39m [2m[nio-8080-exec-1 ][0;39m [32morg.apache.catalina.core.ContainerBase.[Tomcat].[localhost].[/][0;39m:173 [2m:[0;39m Initializing Spring DispatcherServlet 'dispatcherServlet'
[2m2025-04-14 13:36:44.218[0;39m [[32m INFO[0;39m] [35m88366[0;39m [2m[nio-8080-exec-1 ][0;39m [32morg.apache.shiro.session.mgt.AbstractValidatingSessionManager[0;39m:233 [2m:[0;39m Enabling session validation scheduler...
[2m2025-04-14 13:36:44.287[0;39m [[33m WARN[0;39m] [35m88366[0;39m [2m[nio-8080-exec-1 ][0;39m [33mcom.baomidou.mybatisplus.core.toolkit.support.ReflectLambdaMeta[0;39m:41 [2m:[0;39m Unable to make field private final java.lang.Class java.lang.invoke.SerializedLambda.capturingClass accessible: module java.base does not "opens java.lang.invoke" to unnamed module @358ee631
[2m2025-04-14 13:36:55.357[0;39m [[33m WARN[0;39m] [35m88366[0;39m [2m[nio-8080-exec-6 ][0;39m [33morg.apache.ibatis.io.SerialFilterChecker[0;39m:45 [2m:[0;39m As you are using functionality that deserializes object streams, it is recommended to define the JEP-290 serial filter. Please refer to https://docs.oracle.com/pls/topic/lookup?ctx=javase15&id=GUID-8296D8E8-2B93-4B9A-856E-0A65AF9B8C66
[2m2025-04-14 13:37:07.790[0;39m [[31mERROR[0;39m] [35m88366[0;39m [2m[io-8080-exec-10 ][0;39m [31mnet.mingsoft.cms.action.GeneraterAction[0;39m:332 [2m:[0;39m 幻灯 模板不存在：
[2m2025-04-14 13:37:07.802[0;39m [[31mERROR[0;39m] [35m88366[0;39m [2m[io-8080-exec-10 ][0;39m [31mnet.mingsoft.cms.action.GeneraterAction[0;39m:332 [2m:[0;39m 合作伙伴 模板不存在：
[2m2025-04-14 13:37:09.877[0;39m [[31mERROR[0;39m] [35m88366[0;39m [2m[nio-8080-exec-9 ][0;39m [31mnet.mingsoft.cms.action.GeneraterAction[0;39m:225 [2m:[0;39m 幻灯 模板不存在：
[2m2025-04-14 13:37:10.442[0;39m [[31mERROR[0;39m] [35m88366[0;39m [2m[nio-8080-exec-9 ][0;39m [31mnet.mingsoft.cms.action.GeneraterAction[0;39m:240 [2m:[0;39m 静态化单篇类型栏目异常：在线留言 ，异常原因：没有文章
[2m2025-04-14 13:37:10.564[0;39m [[31mERROR[0;39m] [35m88366[0;39m [2m[nio-8080-exec-9 ][0;39m [31mnet.mingsoft.cms.action.GeneraterAction[0;39m:225 [2m:[0;39m 合作伙伴 模板不存在：
[2m2025-04-14 13:37:33.199[0;39m [[31mERROR[0;39m] [35m88366[0;39m [2m[nio-8080-exec-6 ][0;39m [31mnet.mingsoft.cms.action.GeneraterAction[0;39m:225 [2m:[0;39m 幻灯 模板不存在：
[2m2025-04-14 13:37:33.690[0;39m [[31mERROR[0;39m] [35m88366[0;39m [2m[nio-8080-exec-6 ][0;39m [31mnet.mingsoft.cms.action.GeneraterAction[0;39m:240 [2m:[0;39m 静态化单篇类型栏目异常：在线留言 ，异常原因：没有文章
[2m2025-04-14 13:37:33.799[0;39m [[31mERROR[0;39m] [35m88366[0;39m [2m[nio-8080-exec-6 ][0;39m [31mnet.mingsoft.cms.action.GeneraterAction[0;39m:225 [2m:[0;39m 合作伙伴 模板不存在：
[2m2025-04-14 13:37:36.455[0;39m [[31mERROR[0;39m] [35m88366[0;39m [2m[nio-8080-exec-2 ][0;39m [31mnet.mingsoft.cms.action.GeneraterAction[0;39m:332 [2m:[0;39m 幻灯 模板不存在：
[2m2025-04-14 13:37:36.472[0;39m [[31mERROR[0;39m] [35m88366[0;39m [2m[nio-8080-exec-2 ][0;39m [31mnet.mingsoft.cms.action.GeneraterAction[0;39m:332 [2m:[0;39m 合作伙伴 模板不存在：
[2m2025-04-14 13:37:45.154[0;39m [[32m INFO[0;39m] [35m88366[0;39m [2m[ionShutdownHook ][0;39m [32morg.quartz.core.QuartzScheduler[0;39m:585 [2m:[0;39m Scheduler quartzScheduler_$_NON_CLUSTERED paused.
[2m2025-04-14 13:37:46.176[0;39m [[32m INFO[0;39m] [35m88366[0;39m [2m[ionShutdownHook ][0;39m [32morg.quartz.core.QuartzScheduler[0;39m:666 [2m:[0;39m Scheduler quartzScheduler_$_NON_CLUSTERED shutting down.
[2m2025-04-14 13:37:46.176[0;39m [[32m INFO[0;39m] [35m88366[0;39m [2m[ionShutdownHook ][0;39m [32morg.quartz.core.QuartzScheduler[0;39m:585 [2m:[0;39m Scheduler quartzScheduler_$_NON_CLUSTERED paused.
[2m2025-04-14 13:37:46.177[0;39m [[32m INFO[0;39m] [35m88366[0;39m [2m[ionShutdownHook ][0;39m [32morg.quartz.core.QuartzScheduler[0;39m:740 [2m:[0;39m Scheduler quartzScheduler_$_NON_CLUSTERED shutdown complete.
[2m2025-04-14 13:37:46.193[0;39m [[32m INFO[0;39m] [35m88366[0;39m [2m[ionShutdownHook ][0;39m [32mcom.alibaba.druid.pool.DruidDataSource[0;39m:2212 [2m:[0;39m {dataSource-1} closing ...
[2m2025-04-14 13:37:46.198[0;39m [[32m INFO[0;39m] [35m88366[0;39m [2m[ionShutdownHook ][0;39m [32mcom.alibaba.druid.pool.DruidDataSource[0;39m:2285 [2m:[0;39m {dataSource-1} closed
[2m2025-04-14 13:37:51.827[0;39m [[32m INFO[0;39m] [35m88914[0;39m [2m[           main ][0;39m [32mnet.mingsoft.MSApplication[0;39m:55 [2m:[0;39m Starting MSApplication using Java 17.0.8 on KacBook-Pro.local with PID 88914 (/Users/unk/ssd/IdeaProjects/github/MCMS/target/classes started by unk in /Users/unk/ssd/IdeaProjects/github/MCMS)
[2m2025-04-14 13:37:51.832[0;39m [[32m INFO[0;39m] [35m88914[0;39m [2m[           main ][0;39m [32mnet.mingsoft.MSApplication[0;39m:638 [2m:[0;39m The following 1 profile is active: "dev"
[2m2025-04-14 13:37:53.163[0;39m [[32m INFO[0;39m] [35m88914[0;39m [2m[           main ][0;39m [32mcom.alibaba.druid.spring.boot.autoconfigure.DruidDataSourceAutoConfigure[0;39m:66 [2m:[0;39m Init DruidDataSource
[2m2025-04-14 13:37:53.358[0;39m [[32m INFO[0;39m] [35m88914[0;39m [2m[           main ][0;39m [32mcom.alibaba.druid.pool.DruidDataSource[0;39m:1007 [2m:[0;39m {dataSource-1} inited
[2m2025-04-14 13:37:53.605[0;39m [[33m WARN[0;39m] [35m88914[0;39m [2m[           main ][0;39m [33mcom.baomidou.mybatisplus.core.injector.AbstractMethod[0;39m:405 [2m:[0;39m [net.mingsoft.basic.dao.IManagerDao.delete] Has been loaded by XML or SqlProvider or Mybatis's Annotation, so ignoring this injection for [class com.baomidou.mybatisplus.core.injector.methods.Delete]
[2m2025-04-14 13:37:53.822[0;39m [[33m WARN[0;39m] [35m88914[0;39m [2m[           main ][0;39m [33mcom.baomidou.mybatisplus.core.injector.AbstractMethod[0;39m:405 [2m:[0;39m [net.mingsoft.basic.dao.IModelDao.delete] Has been loaded by XML or SqlProvider or Mybatis's Annotation, so ignoring this injection for [class com.baomidou.mybatisplus.core.injector.methods.Delete]
[2m2025-04-14 13:37:53.850[0;39m [[33m WARN[0;39m] [35m88914[0;39m [2m[           main ][0;39m [33mcom.baomidou.mybatisplus.core.metadata.TableInfoHelper[0;39m:347 [2m:[0;39m Can not find table primary key in Class: "net.mingsoft.basic.entity.RoleModelEntity".
[2m2025-04-14 13:37:53.850[0;39m [[33m WARN[0;39m] [35m88914[0;39m [2m[           main ][0;39m [33mcom.baomidou.mybatisplus.core.injector.DefaultSqlInjector[0;39m:56 [2m:[0;39m class net.mingsoft.basic.entity.RoleModelEntity ,Not found @TableId annotation, Cannot use Mybatis-Plus 'xxById' Method.
[2m2025-04-14 13:37:54.414[0;39m [[32m INFO[0;39m] [35m88914[0;39m [2m[           main ][0;39m [32morg.apache.coyote.http11.Http11NioProtocol[0;39m:173 [2m:[0;39m Initializing ProtocolHandler ["http-nio-8080"]
[2m2025-04-14 13:37:54.415[0;39m [[32m INFO[0;39m] [35m88914[0;39m [2m[           main ][0;39m [32morg.apache.catalina.core.StandardService[0;39m:173 [2m:[0;39m Starting service [Tomcat]
[2m2025-04-14 13:37:54.415[0;39m [[32m INFO[0;39m] [35m88914[0;39m [2m[           main ][0;39m [32morg.apache.catalina.core.StandardEngine[0;39m:173 [2m:[0;39m Starting Servlet engine: [Apache Tomcat/9.0.83]
[2m2025-04-14 13:37:54.466[0;39m [[32m INFO[0;39m] [35m88914[0;39m [2m[           main ][0;39m [32morg.apache.catalina.core.ContainerBase.[Tomcat].[localhost].[/][0;39m:173 [2m:[0;39m Initializing Spring embedded WebApplicationContext
[2m2025-04-14 13:37:54.814[0;39m [[33m WARN[0;39m] [35m88914[0;39m [2m[           main ][0;39m [33mcom.baomidou.mybatisplus.core.injector.AbstractMethod[0;39m:405 [2m:[0;39m [net.mingsoft.cms.dao.ICategoryDao.delete] Has been loaded by XML or SqlProvider or Mybatis's Annotation, so ignoring this injection for [class com.baomidou.mybatisplus.core.injector.methods.Delete]
[2m2025-04-14 13:37:54.846[0;39m [[33m WARN[0;39m] [35m88914[0;39m [2m[           main ][0;39m [33mcom.baomidou.mybatisplus.core.injector.AbstractMethod[0;39m:405 [2m:[0;39m [net.mingsoft.cms.dao.IContentDao.delete] Has been loaded by XML or SqlProvider or Mybatis's Annotation, so ignoring this injection for [class com.baomidou.mybatisplus.core.injector.methods.Delete]
[2m2025-04-14 13:37:55.096[0;39m [[33m WARN[0;39m] [35m88914[0;39m [2m[           main ][0;39m [33mcom.baomidou.mybatisplus.core.injector.AbstractMethod[0;39m:405 [2m:[0;39m [net.mingsoft.mdiy.dao.IModelDao.delete] Has been loaded by XML or SqlProvider or Mybatis's Annotation, so ignoring this injection for [class com.baomidou.mybatisplus.core.injector.methods.Delete]
[2m2025-04-14 13:37:55.336[0;39m [[33m WARN[0;39m] [35m88914[0;39m [2m[           main ][0;39m [33mcom.baomidou.mybatisplus.core.injector.AbstractMethod[0;39m:405 [2m:[0;39m [net.mingsoft.mdiy.dao.ITagDao.delete] Has been loaded by XML or SqlProvider or Mybatis's Annotation, so ignoring this injection for [class com.baomidou.mybatisplus.core.injector.methods.Delete]
[2m2025-04-14 13:37:55.767[0;39m [[33m WARN[0;39m] [35m88914[0;39m [2m[           main ][0;39m [33mcom.baomidou.mybatisplus.core.injector.AbstractMethod[0;39m:405 [2m:[0;39m [net.mingsoft.cms.dao.ICmsHistoryLogDao.delete] Has been loaded by XML or SqlProvider or Mybatis's Annotation, so ignoring this injection for [class com.baomidou.mybatisplus.core.injector.methods.Delete]
[2m2025-04-14 13:37:56.160[0;39m [[33m WARN[0;39m] [35m88914[0;39m [2m[           main ][0;39m [33mcom.baomidou.mybatisplus.core.injector.AbstractMethod[0;39m:405 [2m:[0;39m [net.mingsoft.basic.dao.ILogDao.delete] Has been loaded by XML or SqlProvider or Mybatis's Annotation, so ignoring this injection for [class com.baomidou.mybatisplus.core.injector.methods.Delete]
[2m2025-04-14 13:37:56.375[0;39m [[33m WARN[0;39m] [35m88914[0;39m [2m[           main ][0;39m [33mcom.baomidou.mybatisplus.core.injector.AbstractMethod[0;39m:405 [2m:[0;39m [net.mingsoft.basic.dao.IRoleDao.delete] Has been loaded by XML or SqlProvider or Mybatis's Annotation, so ignoring this injection for [class com.baomidou.mybatisplus.core.injector.methods.Delete]
[2m2025-04-14 13:37:56.602[0;39m [[33m WARN[0;39m] [35m88914[0;39m [2m[           main ][0;39m [33mcom.baomidou.mybatisplus.core.injector.AbstractMethod[0;39m:405 [2m:[0;39m [net.mingsoft.basic.dao.ICityDao.delete] Has been loaded by XML or SqlProvider or Mybatis's Annotation, so ignoring this injection for [class com.baomidou.mybatisplus.core.injector.methods.Delete]
[2m2025-04-14 13:37:57.473[0;39m [[33m WARN[0;39m] [35m88914[0;39m [2m[           main ][0;39m [33mcom.baomidou.mybatisplus.core.injector.AbstractMethod[0;39m:405 [2m:[0;39m [net.mingsoft.mdiy.dao.IDictDao.delete] Has been loaded by XML or SqlProvider or Mybatis's Annotation, so ignoring this injection for [class com.baomidou.mybatisplus.core.injector.methods.Delete]
[2m2025-04-14 13:37:57.776[0;39m [[33m WARN[0;39m] [35m88914[0;39m [2m[           main ][0;39m [33mcom.baomidou.mybatisplus.core.injector.AbstractMethod[0;39m:405 [2m:[0;39m [net.mingsoft.mdiy.dao.IPageDao.delete] Has been loaded by XML or SqlProvider or Mybatis's Annotation, so ignoring this injection for [class com.baomidou.mybatisplus.core.injector.methods.Delete]
[2m2025-04-14 13:37:59.807[0;39m [[32m INFO[0;39m] [35m88914[0;39m [2m[           main ][0;39m [32morg.quartz.impl.StdSchedulerFactory[0;39m:1220 [2m:[0;39m Using default implementation for ThreadExecutor
[2m2025-04-14 13:37:59.813[0;39m [[32m INFO[0;39m] [35m88914[0;39m [2m[           main ][0;39m [32morg.quartz.core.SchedulerSignalerImpl[0;39m:61 [2m:[0;39m Initialized Scheduler Signaller of type: class org.quartz.core.SchedulerSignalerImpl
[2m2025-04-14 13:37:59.814[0;39m [[32m INFO[0;39m] [35m88914[0;39m [2m[           main ][0;39m [32morg.quartz.core.QuartzScheduler[0;39m:229 [2m:[0;39m Quartz Scheduler v.2.3.2 created.
[2m2025-04-14 13:37:59.814[0;39m [[32m INFO[0;39m] [35m88914[0;39m [2m[           main ][0;39m [32morg.quartz.simpl.RAMJobStore[0;39m:155 [2m:[0;39m RAMJobStore initialized.
[2m2025-04-14 13:37:59.814[0;39m [[32m INFO[0;39m] [35m88914[0;39m [2m[           main ][0;39m [32morg.quartz.core.QuartzScheduler[0;39m:294 [2m:[0;39m Scheduler meta-data: Quartz Scheduler (v2.3.2) 'quartzScheduler' with instanceId 'NON_CLUSTERED'
  Scheduler class: 'org.quartz.core.QuartzScheduler' - running locally.
  NOT STARTED.
  Currently in standby mode.
  Number of jobs executed: 0
  Using thread pool 'org.quartz.simpl.SimpleThreadPool' - with 10 threads.
  Using job-store 'org.quartz.simpl.RAMJobStore' - which does not support persistence. and is not clustered.

[2m2025-04-14 13:37:59.815[0;39m [[32m INFO[0;39m] [35m88914[0;39m [2m[           main ][0;39m [32morg.quartz.impl.StdSchedulerFactory[0;39m:1374 [2m:[0;39m Quartz scheduler 'quartzScheduler' initialized from an externally provided properties instance.
[2m2025-04-14 13:37:59.815[0;39m [[32m INFO[0;39m] [35m88914[0;39m [2m[           main ][0;39m [32morg.quartz.impl.StdSchedulerFactory[0;39m:1378 [2m:[0;39m Quartz scheduler version: 2.3.2
[2m2025-04-14 13:37:59.815[0;39m [[32m INFO[0;39m] [35m88914[0;39m [2m[           main ][0;39m [32morg.quartz.core.QuartzScheduler[0;39m:2293 [2m:[0;39m JobFactory set to: org.springframework.scheduling.quartz.SpringBeanJobFactory@46374b8
[2m2025-04-14 13:37:59.952[0;39m [[32m INFO[0;39m] [35m88914[0;39m [2m[           main ][0;39m [32morg.apache.coyote.http11.Http11NioProtocol[0;39m:173 [2m:[0;39m Starting ProtocolHandler ["http-nio-8080"]
[2m2025-04-14 13:37:59.968[0;39m [[32m INFO[0;39m] [35m88914[0;39m [2m[           main ][0;39m [32morg.quartz.core.QuartzScheduler[0;39m:547 [2m:[0;39m Scheduler quartzScheduler_$_NON_CLUSTERED started.
[2m2025-04-14 13:37:59.981[0;39m [[32m INFO[0;39m] [35m88914[0;39m [2m[           main ][0;39m [32mnet.mingsoft.MSApplication[0;39m:61 [2m:[0;39m Started MSApplication in 8.484 seconds (JVM running for 12.382)
[2m2025-04-14 13:38:09.929[0;39m [[32m INFO[0;39m] [35m88914[0;39m [2m[nio-8080-exec-1 ][0;39m [32morg.apache.catalina.core.ContainerBase.[Tomcat].[localhost].[/][0;39m:173 [2m:[0;39m Initializing Spring DispatcherServlet 'dispatcherServlet'
[2m2025-04-14 13:38:09.955[0;39m [[32m INFO[0;39m] [35m88914[0;39m [2m[nio-8080-exec-1 ][0;39m [32morg.apache.shiro.session.mgt.AbstractValidatingSessionManager[0;39m:233 [2m:[0;39m Enabling session validation scheduler...
[2m2025-04-14 13:38:10.060[0;39m [[33m WARN[0;39m] [35m88914[0;39m [2m[nio-8080-exec-1 ][0;39m [33mcom.baomidou.mybatisplus.core.toolkit.support.ReflectLambdaMeta[0;39m:41 [2m:[0;39m Unable to make field private final java.lang.Class java.lang.invoke.SerializedLambda.capturingClass accessible: module java.base does not "opens java.lang.invoke" to unnamed module @358ee631
[2m2025-04-14 13:38:29.852[0;39m [[33m WARN[0;39m] [35m88914[0;39m [2m[nio-8080-exec-1 ][0;39m [33morg.apache.ibatis.io.SerialFilterChecker[0;39m:45 [2m:[0;39m As you are using functionality that deserializes object streams, it is recommended to define the JEP-290 serial filter. Please refer to https://docs.oracle.com/pls/topic/lookup?ctx=javase15&id=GUID-8296D8E8-2B93-4B9A-856E-0A65AF9B8C66
